// Jest Snapshot v1, https://goo.gl/fbAQLP

exports[`App Component should render defaults 1`] = `
<div
  class="AppContainer"
>
  <div
    class="App"
  >
    <section
      class="FileExplorer"
    >
      <div
        class="FileExplorerEmpty"
      >
        The root folder is empty.
      </div>
    </section>
    <section
      class="FileContent"
    >
      <pre />
    </section>
  </div>
</div>
`;
